{
    "seed": -944630590064376245,
    "samples": [
        {
            "version": "5.12.19.22.28.26.5.6"
        },
        {
            "version": "1.6.12.29.21.7.25.4.19.3.9.9.24.6.22.22.2.27.22.8.28.7.23.11.7.14.25"
        },
        {
            "version": "8.18.13.21.9.25.2.14.24.18.21.10.22.2.29.19.13.8.6.28.18"
        },
        {
            "version": "7.4.4.11.18"
        },
        {
            "version": "5.17.9.8.30.6.25.3.9.18.18.6.22.30.15.1.6.24.22"
        }
    ]
}